[debug] [2025-11-27T05:08:40.026Z] ----------------------------------------------------------------------
[debug] [2025-11-27T05:08:40.031Z] Command:       G:\node.js\node.exe C:\Users\LJWSkyler\AppData\Roaming\npm\node_modules\firebase-tools\lib\bin\firebase.js deploy
[debug] [2025-11-27T05:08:40.032Z] CLI Version:   14.26.0
[debug] [2025-11-27T05:08:40.032Z] Platform:      win32
[debug] [2025-11-27T05:08:40.032Z] Node Version:  v22.20.0
[debug] [2025-11-27T05:08:40.033Z] Time:          Wed Nov 26 2025 21:08:40 GMT-0800 (Pacific Standard Time)
[debug] [2025-11-27T05:08:40.033Z] ----------------------------------------------------------------------
[debug] 
[debug] [2025-11-27T05:08:40.037Z] >>> [apiv2][query] GET https://firebase-public.firebaseio.com/cli.json [none]
[debug] [2025-11-27T05:08:40.370Z] > command requires scopes: ["email","openid","https://www.googleapis.com/auth/cloudplatformprojects.readonly","https://www.googleapis.com/auth/firebase","https://www.googleapis.com/auth/cloud-platform"]
[debug] [2025-11-27T05:08:40.370Z] > authorizing via signed-in user (jwliang66@gmail.com)
[debug] [2025-11-27T05:08:40.370Z] [iam] checking project fir-6a1ed for permissions ["datastore.indexes.create","datastore.indexes.delete","datastore.indexes.list","datastore.indexes.update","firebase.projects.get","firebasehosting.sites.update"]
[debug] [2025-11-27T05:08:40.371Z] Checked if tokens are valid: false, expires at: 1764115998184
[debug] [2025-11-27T05:08:40.372Z] Checked if tokens are valid: false, expires at: 1764115998184
[debug] [2025-11-27T05:08:40.372Z] > refreshing access token with scopes: []
[debug] [2025-11-27T05:08:40.373Z] >>> [apiv2][query] POST https://www.googleapis.com/oauth2/v3/token [none]
[debug] [2025-11-27T05:08:40.374Z] >>> [apiv2][body] POST https://www.googleapis.com/oauth2/v3/token [omitted]
[debug] [2025-11-27T05:08:40.569Z] <<< [apiv2][status] GET https://firebase-public.firebaseio.com/cli.json 200
[debug] [2025-11-27T05:08:40.569Z] <<< [apiv2][body] GET https://firebase-public.firebaseio.com/cli.json {"cloudBuildErrorAfter":1594252800000,"cloudBuildWarnAfter":1590019200000,"defaultNode10After":1594252800000,"minVersion":"3.0.5","node8DeploysDisabledAfter":1613390400000,"node8RuntimeDisabledAfter":1615809600000,"node8WarnAfter":1600128000000}
[debug] [2025-11-27T05:08:40.580Z] <<< [apiv2][status] POST https://www.googleapis.com/oauth2/v3/token 200
[debug] [2025-11-27T05:08:40.580Z] <<< [apiv2][body] POST https://www.googleapis.com/oauth2/v3/token [omitted]
[debug] [2025-11-27T05:08:40.591Z] >>> [apiv2][query] POST https://cloudresourcemanager.googleapis.com/v1/projects/fir-6a1ed:testIamPermissions [none]
[debug] [2025-11-27T05:08:40.592Z] >>> [apiv2][(partial)header] POST https://cloudresourcemanager.googleapis.com/v1/projects/fir-6a1ed:testIamPermissions x-goog-quota-user=projects/fir-6a1ed
[debug] [2025-11-27T05:08:40.592Z] >>> [apiv2][body] POST https://cloudresourcemanager.googleapis.com/v1/projects/fir-6a1ed:testIamPermissions {"permissions":["datastore.indexes.create","datastore.indexes.delete","datastore.indexes.list","datastore.indexes.update","firebase.projects.get","firebasehosting.sites.update"]}
[debug] [2025-11-27T05:08:40.866Z] <<< [apiv2][status] POST https://cloudresourcemanager.googleapis.com/v1/projects/fir-6a1ed:testIamPermissions 200
[debug] [2025-11-27T05:08:40.866Z] <<< [apiv2][body] POST https://cloudresourcemanager.googleapis.com/v1/projects/fir-6a1ed:testIamPermissions {}
[debug] [2025-11-27T05:08:40.866Z] [iam] error while checking permissions, command may fail: Authorization failed. This account is missing the following required permissions on project fir-6a1ed:

  datastore.indexes.create
  datastore.indexes.delete
  datastore.indexes.list
  datastore.indexes.update
  firebase.projects.get
  firebasehosting.sites.update
[debug] [2025-11-27T05:08:40.867Z] Checked if tokens are valid: true, expires at: 1764223719580
[debug] [2025-11-27T05:08:40.867Z] Checked if tokens are valid: true, expires at: 1764223719580
[debug] [2025-11-27T05:08:40.868Z] >>> [apiv2][query] GET https://firebase.googleapis.com/v1beta1/projects/fir-6a1ed [none]
[debug] [2025-11-27T05:08:41.281Z] <<< [apiv2][status] GET https://firebase.googleapis.com/v1beta1/projects/fir-6a1ed 403
[debug] [2025-11-27T05:08:41.281Z] <<< [apiv2][body] GET https://firebase.googleapis.com/v1beta1/projects/fir-6a1ed {"error":{"code":403,"message":"The caller does not have permission","status":"PERMISSION_DENIED"}}
[debug] [2025-11-27T05:08:41.282Z] Request to https://firebase.googleapis.com/v1beta1/projects/fir-6a1ed had HTTP Error: 403, The caller does not have permission
[debug] [2025-11-27T05:08:41.440Z] FirebaseError: Request to https://firebase.googleapis.com/v1beta1/projects/fir-6a1ed had HTTP Error: 403, The caller does not have permission
    at responseToError (C:\Users\LJWSkyler\AppData\Roaming\npm\node_modules\firebase-tools\lib\responseToError.js:53:12)
    at RetryOperation._fn (C:\Users\LJWSkyler\AppData\Roaming\npm\node_modules\firebase-tools\lib\apiv2.js:322:77)
    at process.processTicksAndRejections (node:internal/process/task_queues:105:5)
[error] 
[error] Error: Failed to get Firebase project fir-6a1ed. Please make sure the project exists and your account has permission to access it.
